


  
         XXXXXXXXXXXXXXXXXXXXXXXXXXXXXXXXXXXXXXXXXXXXXXXXXXXXXXXXXXXXXXXXXXXXXXXXXXXXXXXXXXXXXXXXXXXXX                
         X                                     X                                                     X                
         X                                     X                                                     X                
         X                                     X                                                     X                
         X                                     X                                                     X                
         X       XXXXXXX                       X                                                     X                
         X       XXX8XXX                       X               XXXXXXXXXXXXXXXXXXXXXXXXX             X                
         X                                P    X               X      X    *     X     X             X                
         X                                     X               X      X          X     X             X                
         X4                                    X               X      X          X     X             X                
         X                   XXXXXXXXXXXXXXXXXXXUUUUUUUUUUUUUUUXXXXXXXX          XXX8XXX             X                
         X                                                     X                                     X                
         X                                                     X         UUUUU                       X                
         X                                                     X                                     X                
         X                                                     X                                     X                
         X3                                                   2X                                     X                
         X8                                                   6X          +++                        X                
         XXXXXXXXXXXXXXXXXXXXXXXXXXXXXXXXXXXXXXXXXXXXXXXXXXXXXXXXXXXXXXXXXXXXXXXXXXXXXXX             X                
         X                                                                             X             X                
         X                                                                             X             X                
         X                                                                             X             X                
         X                                                                             X             X                
         X                                                      *                      X             X                
         X     XXXXXXXXXXXXXXXXXXXXXXXXX                     XXXXXXX                   X             X                
         X     X            X          X                                               X             X                
         X     X            X          X                                               X             X                
         X     X            X          X                                                             X                
         X     X            X          XXX           5                                               X                
         X            X     X     X    X        XXXXXXXXXXX          XXXXXXXXXX                      X                
         X            X           X    X                                                             X                
         X            X           X    X                                                             X                
         X            X           X    X                                                             X                
         X            X           X    X                                                             X                
         XXXXUUUUUXXXXXXXXUUUUUUXXX    XXXXXXXXXXXXXXXXXXXXXXXXXXXXXXXXXXXXXXXXXXXXXXXXXXXXXXXXXXXXXXX                     
         X  X     X      X      X X    X X                                                           X           
         X  X     X      X      X X    X X                                                           X               
         X  X     X      X      X X    X X                                                           X
         X  X     X      X      X X    X X       7XXXXXXXXXXXXXXXX5   XXXXXXXXXXXXXXXXX        X     X                 
         X  X     X      X      X X    X X                       XXXXXX               L        X     X                
         X  X     X      X  ++  X X    X X                                            L        X     X                
         XXXXUUUUUXXXXXXXXUUUUUUX X    X X2                                           L        X     X                
         X               L      X X    X XX    U                                      XXXXXXXXXX     X                
         X     *         L      X X    X X                                                     X     X                
         X               L      X X    X X          XXX                                        X     X                
         X               L      X X    X X               XXXXXX  XXXXXXX   XXXXXXX             X     X                
         X               L      X X    X X     XX                                              X     X                
         X               L      X X    X X                                                     X     X                
         XDDDDXXXXXXXXXXXXUUUUUUX X    X X                                                     X     X          
         X               L      X X    X X                                        XXXXXX       X     X                
         X               L      X X    X X                                        X    X       X     X                
         X               L      X X    X X                  R                     X    X       X     X                
         X               L      X X    X X                  R                     X    X       X     X                
         X               L      X X    X X                  R                     X    X       X     X                
         X               L      X X    X X                  R                    2X    X       X     X                
         X      XXXXXXXXXXUUUUUUXXX    XXX       XXXXXXXXXXXXXXXXXXXXXXXXXX  XXXXXX++++XUUUUUUUX     X                
         X               R                       X                        X                    L     X                 
         X               R                       X                        X                    L     X                 
         X               R                       X                        X                    L     X                
         X               R                       X                        X                    X     X                
         X               R                       X                        X                   9X     X                
         XXXXXXXXXXXXXXXXXXXXXXXXX4    5XXXXXXXXXXXXXXXXXXXXXXXXXXXXXXXXXXXXXXXXXXXXXXXXXXXXXXXX     X                
         X                        4    5         XX                                            L     X                
         X                        4    5         XX                                            L     X                
         X                        XUUUUX         X0                   *                        L     X                
         X                        X    X         XX      XXXXXXXXXXXXXXXXXXXXXXXXXXXXXXXXXXXXXXX     X                
         X                        X    X         XX      X                                     X     X                
         X                        X *+ X         XX      X                                     X     X                
         XXXXXXXXXXXXXXXXXXXXXXXXXXUUUUXXXXXXXXXXXX      XXXXXXXXXXX6XXXXXXXXXXXXXXXXXXXXXXXXXXX     X                
         W                                                                                           X                
         W                                                                                           X                
         W                                                                                           X                
         W                                                            *                              X                
         XXXXXXXXXXXXXXXXXXXXXXXXXXXXXXXXXXXXXXXXXXXXXXXXXXXXXXXXXXXXXXXXXXXXXXXXXXXXXXXXXXXXXXXXXXXXX                
		 
		 
		 
		 
		 
		 
		 
		 
		 
		 
		 